C:\Users\user>cd desktop

C:\Users\user\Desktop>mkdir git_challenge

C:\Users\user\Desktop>cd git_challenge

C:\Users\user\Desktop\git_challenge>git init
Initialized empty Git repository in C:/Users/user/Desktop/git_challenge/.git/

C:\Users\user\Desktop\git_challenge>git add hello_world.txt

C:\Users\user\Desktop\git_challenge>git commit -m "hello_world.txtを追加"
[main (root-commit) 94d17f7] hello_world.txtを追加
 1 file changed, 1 insertion(+)
 create mode 100644 hello_world.txt

C:\Users\user\Desktop\git_challenge>git add .

C:\Users\user\Desktop\git_challenge>git commit -m "日本語訳を追記"
[main 7d44403] 日本語訳を追記
 1 file changed, 2 insertions(+), 1 deletion(-)

C:\Users\user\Desktop\git_challenge>git log --oneline
7d44403 (HEAD -> main) 日本語訳を追記
94d17f7 hello_world.txtを追加